// Jest Snapshot v1, https://goo.gl/fbAQLP

exports[`MapView.vue Should match snapshot 1`] = `
<form
  class="v-form map-form px-4"
  novalidate="novalidate"
>
  <div
    class="v-input theme--light v-text-field v-text-field--placeholder"
  >
    <div
      class="v-input__control"
    >
      <div
        class="v-input__slot"
      >
        <div
          class="v-text-field__slot"
        >
          <input
            id="input-21"
            placeholder="Enter name"
            required="required"
            type="text"
          />
        </div>
      </div>
      <div
        class="v-text-field__details"
      >
        <div
          class="v-messages theme--light"
        >
          <transition-group-stub
            class="v-messages__wrapper"
            name="message-transition"
            tag="div"
          />
        </div>
        <div
          class="v-counter theme--light"
        >
          0 / 20
        </div>
      </div>
    </div>
  </div>
   
  <div
    class="v-input v-input--is-disabled theme--light v-text-field v-text-field--placeholder"
  >
    <div
      class="v-input__control"
    >
      <div
        class="v-input__slot"
      >
        <div
          class="v-text-field__slot"
        >
          <input
            disabled="disabled"
            id="input-24"
            placeholder="Enter сoordinates"
            required="required"
            type="text"
          />
        </div>
      </div>
      <div
        class="v-text-field__details"
      >
        <div
          class="v-messages theme--light"
        >
          <transition-group-stub
            class="v-messages__wrapper"
            name="message-transition"
            tag="div"
          />
        </div>
      </div>
    </div>
  </div>
   
  <div
    class="d-flex justify-end flex-wrap v-sheet theme--light"
  >
    <button
      class="mt-1 success v-btn v-btn--is-elevated v-btn--has-bg theme--light v-size--small"
      type="button"
    >
      <span
        class="v-btn__content"
      >
        
      
    
      </span>
    </button>
  </div>
</form>
`;
